#
# There is insufficient memory for the Java Runtime Environment to continue.
# Native memory allocation (malloc) failed to allocate 371696 bytes for Chunk::new
# Possible reasons:
#   The system is out of physical RAM or swap space
#   The process is running with CompressedOops enabled, and the Java Heap may be blocking the growth of the native heap
# Possible solutions:
#   Reduce memory load on the system
#   Increase physical memory or swap space
#   Check if swap backing store is full
#   Decrease Java heap size (-Xmx/-Xms)
#   Decrease number of Java threads
#   Decrease Java thread stack sizes (-Xss)
#   Set larger code cache with -XX:ReservedCodeCacheSize=
#   JVM is running with Zero Based Compressed Oops mode in which the Java heap is
#     placed in the first 32GB address space. The Java Heap base address is the
#     maximum limit for the native heap growth. Please use -XX:HeapBaseMinAddress
#     to set the Java Heap base and to place the Java Heap above 32GB virtual address.
# This output file may be truncated or incomplete.
#
#  Out of Memory Error (allocation.cpp:389), pid=11852, tid=0x0000000000001f78
#
# JRE version: Java(TM) SE Runtime Environment (8.0_211-b12) (build 1.8.0_211-b12)
# Java VM: Java HotSpot(TM) 64-Bit Server VM (25.211-b12 mixed mode windows-amd64 compressed oops)
# Failed to write core dump. Minidumps are not enabled by default on client versions of Windows
#

---------------  T H R E A D  ---------------

Current thread (0x000000001e199000):  JavaThread "C2 CompilerThread0" daemon [_thread_in_native, id=8056, stack(0x00000000205f0000,0x00000000206f0000)]

Stack: [0x00000000205f0000,0x00000000206f0000]
[error occurred during error reporting (printing stack bounds), id 0xc0000005]

Native frames: (J=compiled Java code, j=interpreted, Vv=VM code, C=native code)


Current CompileTask:
C2:16092045 10466   !   4       sun.awt.PostEventQueue::flush (168 bytes)


---------------  P R O C E S S  ---------------

Java Threads: ( => current thread )
  0x00000000273b9800 JavaThread "TimerQueue" daemon [_thread_blocked, id=14204, stack(0x000000002a7c0000,0x000000002a8c0000)]
  0x00000000273b8800 JavaThread "Swing-Shell" daemon [_thread_blocked, id=2072, stack(0x000000002a2e0000,0x000000002a3e0000)]
  0x000000000225f000 JavaThread "DestroyJavaVM" [_thread_blocked, id=2084, stack(0x00000000024f0000,0x00000000025f0000)]
  0x0000000021cf3000 JavaThread "Thread-3" [_thread_in_native, id=13280, stack(0x0000000026a30000,0x0000000026b30000)]
  0x0000000021c29800 JavaThread "D3D Screen Updater" daemon [_thread_blocked, id=10980, stack(0x0000000025f10000,0x0000000026010000)]
  0x0000000021c38800 JavaThread "AWT-EventQueue-0" [_thread_blocked, id=6048, stack(0x0000000023e40000,0x0000000023f40000)]
  0x0000000021b5f000 JavaThread "EventQueueMonitor-ComponentEvtDispatch" [_thread_blocked, id=6064, stack(0x0000000022660000,0x0000000022760000)]
  0x0000000021b52000 JavaThread "AWT-Windows" daemon [_thread_in_native, id=2152, stack(0x00000000222f0000,0x00000000223f0000)]
  0x0000000021b01800 JavaThread "AWT-Shutdown" [_thread_blocked, id=11068, stack(0x0000000021ff0000,0x00000000220f0000)]
  0x0000000021b00000 JavaThread "Java2D Disposer" daemon [_thread_blocked, id=8536, stack(0x0000000022110000,0x0000000022210000)]
  0x000000001e277800 JavaThread "Service Thread" daemon [_thread_blocked, id=11388, stack(0x00000000214e0000,0x00000000215e0000)]
  0x000000001e259000 JavaThread "C1 CompilerThread11" daemon [_thread_blocked, id=12564, stack(0x00000000213e0000,0x00000000214e0000)]
  0x000000001e24e000 JavaThread "C1 CompilerThread10" daemon [_thread_blocked, id=7052, stack(0x00000000212d0000,0x00000000213d0000)]
  0x000000001e233000 JavaThread "C1 CompilerThread9" daemon [_thread_blocked, id=13612, stack(0x00000000210a0000,0x00000000211a0000)]
  0x000000001e222000 JavaThread "C1 CompilerThread8" daemon [_thread_blocked, id=11112, stack(0x0000000020d90000,0x0000000020e90000)]
  0x000000001e217000 JavaThread "C2 CompilerThread7" daemon [_thread_blocked, id=14196, stack(0x000000001ff60000,0x0000000020060000)]
  0x000000001e206000 JavaThread "C2 CompilerThread6" daemon [_thread_blocked, id=10636, stack(0x0000000020ed0000,0x0000000020fd0000)]
  0x000000001e1ed800 JavaThread "C2 CompilerThread5" daemon [_thread_blocked, id=8796, stack(0x000000001fd50000,0x000000001fe50000)]
  0x000000001e1de800 JavaThread "C2 CompilerThread4" daemon [_thread_blocked, id=12848, stack(0x0000000020c40000,0x0000000020d40000)]
  0x000000001e1a4000 JavaThread "C2 CompilerThread3" daemon [_thread_blocked, id=6792, stack(0x0000000020ad0000,0x0000000020bd0000)]
  0x000000001e1a2800 JavaThread "C2 CompilerThread2" daemon [_thread_blocked, id=8284, stack(0x00000000208d0000,0x00000000209d0000)]
  0x000000001e1a2000 JavaThread "C2 CompilerThread1" daemon [_thread_blocked, id=13096, stack(0x0000000020770000,0x0000000020870000)]
=>0x000000001e199000 JavaThread "C2 CompilerThread0" daemon [_thread_in_native, id=8056, stack(0x00000000205f0000,0x00000000206f0000)]
  0x000000001e196000 JavaThread "Attach Listener" daemon [_thread_blocked, id=12712, stack(0x00000000203b0000,0x00000000204b0000)]
  0x000000001e18d800 JavaThread "Signal Dispatcher" daemon [_thread_blocked, id=13164, stack(0x00000000204b0000,0x00000000205b0000)]
  0x000000001cdb9800 JavaThread "Finalizer" daemon [_thread_blocked, id=10780, stack(0x0000000020250000,0x0000000020350000)]
  0x000000001e138800 JavaThread "Reference Handler" daemon [_thread_blocked, id=6664, stack(0x0000000020070000,0x0000000020170000)]

Other Threads:
  0x000000001e131800 VMThread [stack: 0x000000001fe60000,0x000000001ff60000] [id=13828]
  0x000000001e27b000 WatcherThread [stack: 0x00000000216b0000,0x00000000217b0000] [id=8376]

VM state:not at safepoint (normal execution)

VM Mutex/Monitor currently owned by a thread: None

heap address: 0x00000006c0c00000, size: 4084 MB, Compressed Oops mode: Zero based, Oop shift amount: 3
Narrow klass base: 0x0000000000000000, Narrow klass shift: 3
Compressed class space size: 1073741824 Address: 0x00000007c0000000

Heap:
 PSYoungGen      total 1373184K, used 647267K [0x000000076af00000, 0x00000007c0000000, 0x00000007c0000000)
  eden space 1354240K, 46% used [0x000000076af00000,0x000000079149f330,0x00000007bd980000)
  from space 18944K, 99% used [0x00000007bd980000,0x00000007bebf9948,0x00000007bec00000)
  to   space 20480K, 0% used [0x00000007bec00000,0x00000007bec00000,0x00000007c0000000)
 ParOldGen       total 178176K, used 86770K [0x00000006c0c00000, 0x00000006cba00000, 0x000000076af00000)
  object space 178176K, 48% used [0x00000006c0c00000,0x00000006c60bcad0,0x00000006cba00000)
 Metaspace       used 49635K, capacity 51800K, committed 52480K, reserved 1093632K
  class space    used 6374K, capacity 7354K, committed 7424K, reserved 1048576K

Card table byte_map: [0x0000000011c80000,0x0000000012480000] byte_map_base: 0x000000000e67a000

Marking Bits: (ParMarkBitMap*) 0x000000005add5ce0
 Begin Bits: [0x0000000013c20000, 0x0000000017bf0000)
 End Bits:   [0x0000000017bf0000, 0x000000001bbc0000)

Polling page: 0x0000000000230000

CodeCache: size=245760Kb used=32222Kb max_used=32745Kb free=213537Kb
 bounds [0x00000000028c0000, 0x0000000004960000, 0x00000000118c0000]
 total_blobs=9060 nmethods=8313 adapters=653
 compilation: enabled

Compilation events (10 events):
Event: 16090.227 Thread 0x000000001e1de800 nmethod 10464 0x0000000003e7d410 code [0x0000000003e7d540, 0x0000000003e7d5b8]
Event: 16090.243 Thread 0x000000001e222000 10465       3       java.awt.geom.AffineTransform::updateState (230 bytes)
Event: 16090.243 Thread 0x000000001e222000 nmethod 10465 0x00000000031ce310 code [0x00000000031ce4c0, 0x00000000031cecf0]
Event: 16090.270 Thread 0x000000001e199000 10466   !   4       sun.awt.PostEventQueue::flush (168 bytes)
Event: 16090.271 Thread 0x000000001e259000 10467       1       javax.swing.plaf.ComponentUI::paint (1 bytes)
Event: 16090.271 Thread 0x000000001e259000 nmethod 10467 0x0000000003720d90 code [0x0000000003720ee0, 0x0000000003720ff0]
Event: 16090.274 Thread 0x000000001e233000 10468       3       com.st.components.swing.Popup::hidePopup (12 bytes)
Event: 16090.275 Thread 0x000000001e233000 nmethod 10468 0x0000000003026a90 code [0x0000000003026c80, 0x0000000003027628]
Event: 16090.287 Thread 0x000000001e24e000 10469       3       java.awt.Component::processMouseEvent (100 bytes)
Event: 16090.287 Thread 0x000000001e24e000 nmethod 10469 0x000000000432fc50 code [0x000000000432fe20, 0x00000000043304c8]

GC Heap History (10 events):
Event: 4.044 GC heap before
{Heap before GC invocations=19 (full 2):
 PSYoungGen      total 1368064K, used 1349536K [0x000000076af00000, 0x00000007bfd80000, 0x00000007c0000000)
  eden space 1348096K, 100% used [0x000000076af00000,0x00000007bd380000,0x00000007bd380000)
  from space 19968K, 7% used [0x00000007bea00000,0x00000007beb68000,0x00000007bfd80000)
  to   space 21504K, 0% used [0x00000007bd380000,0x00000007bd380000,0x00000007be880000)
 ParOldGen       total 178176K, used 40497K [0x00000006c0c00000, 0x00000006cba00000, 0x000000076af00000)
  object space 178176K, 22% used [0x00000006c0c00000,0x00000006c338c4c8,0x00000006cba00000)
 Metaspace       used 35002K, capacity 37066K, committed 37248K, reserved 1081344K
  class space    used 4496K, capacity 5463K, committed 5504K, reserved 1048576K
Event: 4.053 GC heap after
Heap after GC invocations=19 (full 2):
 PSYoungGen      total 1369600K, used 7452K [0x000000076af00000, 0x00000007bff80000, 0x00000007c0000000)
  eden space 1348096K, 0% used [0x000000076af00000,0x000000076af00000,0x00000007bd380000)
  from space 21504K, 34% used [0x00000007bd380000,0x00000007bdac72f8,0x00000007be880000)
  to   space 20480K, 0% used [0x00000007beb80000,0x00000007beb80000,0x00000007bff80000)
 ParOldGen       total 178176K, used 41321K [0x00000006c0c00000, 0x00000006cba00000, 0x000000076af00000)
  object space 178176K, 23% used [0x00000006c0c00000,0x00000006c345a4c8,0x00000006cba00000)
 Metaspace       used 35002K, capacity 37066K, committed 37248K, reserved 1081344K
  class space    used 4496K, capacity 5463K, committed 5504K, reserved 1048576K
}
Event: 4.103 GC heap before
{Heap before GC invocations=20 (full 2):
 PSYoungGen      total 1369600K, used 1355548K [0x000000076af00000, 0x00000007bff80000, 0x00000007c0000000)
  eden space 1348096K, 100% used [0x000000076af00000,0x00000007bd380000,0x00000007bd380000)
  from space 21504K, 34% used [0x00000007bd380000,0x00000007bdac72f8,0x00000007be880000)
  to   space 20480K, 0% used [0x00000007beb80000,0x00000007beb80000,0x00000007bff80000)
 ParOldGen       total 178176K, used 41321K [0x00000006c0c00000, 0x00000006cba00000, 0x000000076af00000)
  object space 178176K, 23% used [0x00000006c0c00000,0x00000006c345a4c8,0x00000006cba00000)
 Metaspace       used 35010K, capacity 37066K, committed 37248K, reserved 1081344K
  class space    used 4496K, capacity 5463K, committed 5504K, reserved 1048576K
Event: 4.108 GC heap after
Heap after GC invocations=20 (full 2):
 PSYoungGen      total 1370624K, used 544K [0x000000076af00000, 0x00000007bfe00000, 0x00000007c0000000)
  eden space 1351680K, 0% used [0x000000076af00000,0x000000076af00000,0x00000007bd700000)
  from space 18944K, 2% used [0x00000007beb80000,0x00000007bec08000,0x00000007bfe00000)
  to   space 19968K, 0% used [0x00000007bd700000,0x00000007bd700000,0x00000007bea80000)
 ParOldGen       total 178176K, used 46911K [0x00000006c0c00000, 0x00000006cba00000, 0x000000076af00000)
  object space 178176K, 26% used [0x00000006c0c00000,0x00000006c39cfe20,0x00000006cba00000)
 Metaspace       used 35010K, capacity 37066K, committed 37248K, reserved 1081344K
  class space    used 4496K, capacity 5463K, committed 5504K, reserved 1048576K
}
Event: 4.139 GC heap before
{Heap before GC invocations=21 (full 2):
 PSYoungGen      total 1370624K, used 1352224K [0x000000076af00000, 0x00000007bfe00000, 0x00000007c0000000)
  eden space 1351680K, 100% used [0x000000076af00000,0x00000007bd700000,0x00000007bd700000)
  from space 18944K, 2% used [0x00000007beb80000,0x00000007bec08000,0x00000007bfe00000)
  to   space 19968K, 0% used [0x00000007bd700000,0x00000007bd700000,0x00000007bea80000)
 ParOldGen       total 178176K, used 46911K [0x00000006c0c00000, 0x00000006cba00000, 0x000000076af00000)
  object space 178176K, 26% used [0x00000006c0c00000,0x00000006c39cfe20,0x00000006cba00000)
 Metaspace       used 35019K, capacity 37066K, committed 37248K, reserved 1081344K
  class space    used 4496K, capacity 5463K, committed 5504K, reserved 1048576K
Event: 4.143 GC heap after
Heap after GC invocations=21 (full 2):
 PSYoungGen      total 1371648K, used 544K [0x000000076af00000, 0x00000007c0000000, 0x00000007c0000000)
  eden space 1351680K, 0% used [0x000000076af00000,0x000000076af00000,0x00000007bd700000)
  from space 19968K, 2% used [0x00000007bd700000,0x00000007bd788000,0x00000007bea80000)
  to   space 19456K, 0% used [0x00000007bed00000,0x00000007bed00000,0x00000007c0000000)
 ParOldGen       total 178176K, used 46959K [0x00000006c0c00000, 0x00000006cba00000, 0x000000076af00000)
  object space 178176K, 26% used [0x00000006c0c00000,0x00000006c39dbe20,0x00000006cba00000)
 Metaspace       used 35019K, capacity 37066K, committed 37248K, reserved 1081344K
  class space    used 4496K, capacity 5463K, committed 5504K, reserved 1048576K
}
Event: 4.178 GC heap before
{Heap before GC invocations=22 (full 2):
 PSYoungGen      total 1371648K, used 1352224K [0x000000076af00000, 0x00000007c0000000, 0x00000007c0000000)
  eden space 1351680K, 100% used [0x000000076af00000,0x00000007bd700000,0x00000007bd700000)
  from space 19968K, 2% used [0x00000007bd700000,0x00000007bd788000,0x00000007bea80000)
  to   space 19456K, 0% used [0x00000007bed00000,0x00000007bed00000,0x00000007c0000000)
 ParOldGen       total 178176K, used 46959K [0x00000006c0c00000, 0x00000006cba00000, 0x000000076af00000)
  object space 178176K, 26% used [0x00000006c0c00000,0x00000006c39dbe20,0x00000006cba00000)
 Metaspace       used 35019K, capacity 37066K, committed 37248K, reserved 1081344K
  class space    used 4496K, capacity 5463K, committed 5504K, reserved 1048576K
Event: 4.184 GC heap after
Heap after GC invocations=22 (full 2):
 PSYoungGen      total 1372160K, used 416K [0x000000076af00000, 0x00000007bfe80000, 0x00000007c0000000)
  eden space 1354240K, 0% used [0x000000076af00000,0x000000076af00000,0x00000007bd980000)
  from space 17920K, 2% used [0x00000007bed00000,0x00000007bed68000,0x00000007bfe80000)
  to   space 18944K, 0% used [0x00000007bd980000,0x00000007bd980000,0x00000007bec00000)
 ParOldGen       total 178176K, used 46975K [0x00000006c0c00000, 0x00000006cba00000, 0x000000076af00000)
  object space 178176K, 26% used [0x00000006c0c00000,0x00000006c39dfe20,0x00000006cba00000)
 Metaspace       used 35019K, capacity 37066K, committed 37248K, reserved 1081344K
  class space    used 4496K, capacity 5463K, committed 5504K, reserved 1048576K
}
Event: 5.845 GC heap before
{Heap before GC invocations=23 (full 2):
 PSYoungGen      total 1372160K, used 1354656K [0x000000076af00000, 0x00000007bfe80000, 0x00000007c0000000)
  eden space 1354240K, 100% used [0x000000076af00000,0x00000007bd980000,0x00000007bd980000)
  from space 17920K, 2% used [0x00000007bed00000,0x00000007bed68000,0x00000007bfe80000)
  to   space 18944K, 0% used [0x00000007bd980000,0x00000007bd980000,0x00000007bec00000)
 ParOldGen       total 178176K, used 46975K [0x00000006c0c00000, 0x00000006cba00000, 0x000000076af00000)
  object space 178176K, 26% used [0x00000006c0c00000,0x00000006c39dfe20,0x00000006cba00000)
 Metaspace       used 44833K, capacity 46884K, committed 47360K, reserved 1089536K
  class space    used 5887K, capacity 6822K, committed 6912K, reserved 1048576K
Event: 5.873 GC heap after
Heap after GC invocations=23 (full 2):
 PSYoungGen      total 1373184K, used 18918K [0x000000076af00000, 0x00000007c0000000, 0x00000007c0000000)
  eden space 1354240K, 0% used [0x000000076af00000,0x000000076af00000,0x00000007bd980000)
  from space 18944K, 99% used [0x00000007bd980000,0x00000007bebf9948,0x00000007bec00000)
  to   space 20480K, 0% used [0x00000007bec00000,0x00000007bec00000,0x00000007c0000000)
 ParOldGen       total 178176K, used 86770K [0x00000006c0c00000, 0x00000006cba00000, 0x000000076af00000)
  object space 178176K, 48% used [0x00000006c0c00000,0x00000006c60bcad0,0x00000006cba00000)
 Metaspace       used 44833K, capacity 46884K, committed 47360K, reserved 1089536K
  class space    used 5887K, capacity 6822K, committed 6912K, reserved 1048576K
}

Deoptimization events (10 events):
Event: 328.286 Thread 0x0000000021c38800 Uncommon trap: reason=bimorphic action=maybe_recompile pc=0x000000000466fc88 method=java.awt.Component.updateCursorImmediately()V @ 49
Event: 328.286 Thread 0x0000000021c38800 Uncommon trap: reason=class_check action=maybe_recompile pc=0x000000000454f094 method=sun.awt.GlobalCursorManager._updateCursor(Z)V @ 47
Event: 328.286 Thread 0x0000000021b52000 Uncommon trap: reason=class_check action=maybe_recompile pc=0x00000000045c439c method=sun.awt.windows.WObjectPeer.getPeerForTarget(Ljava/lang/Object;)Lsun/awt/windows/WObjectPeer; @ 4
Event: 328.286 Thread 0x0000000021b5f000 Uncommon trap: reason=class_check action=maybe_recompile pc=0x0000000004211d04 method=java.awt.Component.getLocationOnScreen_NoTreeLock()Ljava/awt/Point; @ 86
Event: 328.290 Thread 0x0000000021b5f000 Uncommon trap: reason=class_check action=maybe_recompile pc=0x0000000004211d04 method=java.awt.Component.getLocationOnScreen_NoTreeLock()Ljava/awt/Point; @ 86
Event: 328.294 Thread 0x0000000021b5f000 Uncommon trap: reason=class_check action=maybe_recompile pc=0x0000000004211d04 method=java.awt.Component.getLocationOnScreen_NoTreeLock()Ljava/awt/Point; @ 86
Event: 328.610 Thread 0x0000000021c38800 Uncommon trap: reason=class_check action=maybe_recompile pc=0x0000000003adce98 method=java.awt.Component.getGraphics()Ljava/awt/Graphics; @ 114
Event: 332.760 Thread 0x0000000021b52000 Uncommon trap: reason=class_check action=maybe_recompile pc=0x00000000046af294 method=sun.awt.SunToolkit.postEvent(Lsun/awt/AppContext;Ljava/awt/AWTEvent;)V @ 72
Event: 332.763 Thread 0x0000000021c38800 Uncommon trap: reason=unstable_if action=reinterpret pc=0x00000000032b01f4 method=java.util.concurrent.atomic.AtomicBoolean.compareAndSet(ZZ)Z @ 1
Event: 332.770 Thread 0x0000000021c38800 Uncommon trap: reason=unstable_if action=reinterpret pc=0x000000000417b974 method=java.awt.EventQueue.uncacheEQItem(Lsun/awt/EventQueueItem;)V @ 23

Classes redefined (0 events):
No events

Internal exceptions (10 events):
Event: 328.005 Thread 0x0000000021c38800 Exception <a 'java/io/IOException'> (0x000000078fc16838) thrown at [C:\re\workspace\8-2-build-windows-amd64-cygwin\jdk8u211\12973\hotspot\src\share\vm\prims\jni.cpp, line 710]
Event: 328.005 Thread 0x0000000021c38800 Exception <a 'java/io/IOException'> (0x000000078fc18818) thrown at [C:\re\workspace\8-2-build-windows-amd64-cygwin\jdk8u211\12973\hotspot\src\share\vm\prims\jni.cpp, line 710]
Event: 328.005 Thread 0x0000000021c38800 Exception <a 'java/io/IOException'> (0x000000078fc18c80) thrown at [C:\re\workspace\8-2-build-windows-amd64-cygwin\jdk8u211\12973\hotspot\src\share\vm\prims\jni.cpp, line 710]
Event: 328.171 Thread 0x00000000273ba800 Exception <a 'java/lang/NoSuchMethodError': <clinit>> (0x000000078ca67200) thrown at [C:\re\workspace\8-2-build-windows-amd64-cygwin\jdk8u211\12973\hotspot\src\share\vm\prims\jni.cpp, line 1614]
Event: 328.173 Thread 0x00000000273ba800 Exception <a 'java/lang/NoSuchMethodError': <clinit>> (0x000000078ca807a8) thrown at [C:\re\workspace\8-2-build-windows-amd64-cygwin\jdk8u211\12973\hotspot\src\share\vm\prims\jni.cpp, line 1614]
Event: 332.765 Thread 0x0000000021c38800 Exception <a 'java/io/IOException'> (0x000000078fcdaec0) thrown at [C:\re\workspace\8-2-build-windows-amd64-cygwin\jdk8u211\12973\hotspot\src\share\vm\prims\jni.cpp, line 710]
Event: 332.765 Thread 0x0000000021c38800 Exception <a 'java/io/IOException'> (0x000000078fcdb328) thrown at [C:\re\workspace\8-2-build-windows-amd64-cygwin\jdk8u211\12973\hotspot\src\share\vm\prims\jni.cpp, line 710]
Event: 332.765 Thread 0x0000000021c38800 Exception <a 'java/io/IOException'> (0x000000078fcdb850) thrown at [C:\re\workspace\8-2-build-windows-amd64-cygwin\jdk8u211\12973\hotspot\src\share\vm\prims\jni.cpp, line 710]
Event: 332.765 Thread 0x0000000021c38800 Exception <a 'java/io/IOException'> (0x000000078fcdbcb8) thrown at [C:\re\workspace\8-2-build-windows-amd64-cygwin\jdk8u211\12973\hotspot\src\share\vm\prims\jni.cpp, line 710]
Event: 332.765 Thread 0x0000000021c38800 Exception <a 'java/io/IOException'> (0x000000078fcdc120) thrown at [C:\re\workspace\8-2-build-windows-amd64-cygwin\jdk8u211\12973\hotspot\src\share\vm\prims\jni.cpp, line 710]

Events (10 events):
Event: 333.146 Executing VM operation: RevokeBias done
Event: 333.146 Executing VM operation: RevokeBias
Event: 333.146 Executing VM operation: RevokeBias done
Event: 333.146 Executing VM operation: RevokeBias
Event: 333.146 Executing VM operation: RevokeBias done
Event: 333.146 Executing VM operation: RevokeBias
Event: 333.146 Executing VM operation: RevokeBias done
Event: 333.147 Thread 0x00000000273be000 Thread exited: 0x00000000273be000
Event: 16090.179 Executing VM operation: BulkRevokeBias
Event: 16090.179 Executing VM operation: BulkRevokeBias done


Dynamic libraries:
0x000000013fd20000 - 0x000000013fd57000 	C:\Program Files\Java\jre1.8.0_211\bin\javaw.exe
0x0000000076d20000 - 0x0000000076ebf000 	C:\Windows\SYSTEM32\ntdll.dll
0x0000000076b00000 - 0x0000000076c1f000 	C:\Windows\system32\kernel32.dll
0x000007fefcb50000 - 0x000007fefcbba000 	C:\Windows\system32\KERNELBASE.dll
0x000007fefdc50000 - 0x000007fefdd2b000 	C:\Windows\system32\ADVAPI32.dll
0x000007fefde70000 - 0x000007fefdf0f000 	C:\Windows\system32\msvcrt.dll
0x000007fefe510000 - 0x000007fefe52f000 	C:\Windows\SYSTEM32\sechost.dll
0x000007fefe190000 - 0x000007fefe2bc000 	C:\Windows\system32\RPCRT4.dll
0x0000000076c20000 - 0x0000000076d1a000 	C:\Windows\system32\USER32.dll
0x000007fefe120000 - 0x000007fefe187000 	C:\Windows\system32\GDI32.dll
0x000007fefdd30000 - 0x000007fefdd3e000 	C:\Windows\system32\LPK.dll
0x000007fefe850000 - 0x000007fefe91b000 	C:\Windows\system32\USP10.dll
0x000007fefa860000 - 0x000007fefaa55000 	C:\Windows\WinSxS\amd64_microsoft.windows.common-controls_6595b64144ccf1df_6.0.7601.24380_none_e3731d0b30fb6b11\COMCTL32.dll
0x000007fefce40000 - 0x000007fefceb1000 	C:\Windows\system32\SHLWAPI.dll
0x000007fefe820000 - 0x000007fefe84e000 	C:\Windows\system32\IMM32.DLL
0x000007fefe400000 - 0x000007fefe509000 	C:\Windows\system32\MSCTF.dll
0x000000006aa80000 - 0x000000006ab52000 	C:\Program Files\Java\jre1.8.0_211\bin\msvcr100.dll
0x000000005a5b0000 - 0x000000005ae55000 	C:\Program Files\Java\jre1.8.0_211\bin\server\jvm.dll
0x000007fed34f0000 - 0x000007fed34f9000 	C:\Windows\system32\WSOCK32.dll
0x000007fefdd40000 - 0x000007fefdd8d000 	C:\Windows\system32\WS2_32.dll
0x000007fefce30000 - 0x000007fefce38000 	C:\Windows\system32\NSI.dll
0x000007fef8fd0000 - 0x000007fef900b000 	C:\Windows\system32\WINMM.dll
0x000007fefbad0000 - 0x000007fefbadc000 	C:\Windows\system32\VERSION.dll
0x0000000076ed0000 - 0x0000000076ed7000 	C:\Windows\system32\PSAPI.DLL
0x000007fefa510000 - 0x000007fefa51f000 	C:\Program Files\Java\jre1.8.0_211\bin\verify.dll
0x000007fee0220000 - 0x000007fee0249000 	C:\Program Files\Java\jre1.8.0_211\bin\java.dll
0x000007fee4fa0000 - 0x000007fee4fb6000 	C:\Program Files\Java\jre1.8.0_211\bin\zip.dll
0x000007fefcec0000 - 0x000007fefdc4b000 	C:\Windows\system32\SHELL32.dll
0x000007fefcc30000 - 0x000007fefce2f000 	C:\Windows\system32\ole32.dll
0x000007fefc870000 - 0x000007fefc87f000 	C:\Windows\system32\profapi.dll
0x000007fed4ad0000 - 0x000007fed4c69000 	C:\Program Files\Java\jre1.8.0_211\bin\awt.dll
0x000007fefdd90000 - 0x000007fefde6b000 	C:\Windows\system32\OLEAUT32.dll
0x000007fefa0b0000 - 0x000007fefa0c8000 	C:\Windows\system32\DWMAPI.DLL
0x000007febd6a0000 - 0x000007febd7bd000 	C:\Windows\system32\opengl32.dll
0x000007febd670000 - 0x000007febd69d000 	C:\Windows\system32\GLU32.dll
0x000007fee2c00000 - 0x000007fee2cf1000 	C:\Windows\system32\DDRAW.dll
0x000007fee2bf0000 - 0x000007fee2bf8000 	C:\Windows\system32\DCIMAN32.dll
0x000007fefee30000 - 0x000007feff007000 	C:\Windows\system32\SETUPAPI.dll
0x000007fefcbd0000 - 0x000007fefcc06000 	C:\Windows\system32\CFGMGR32.dll
0x000007fefc8a0000 - 0x000007fefc8ba000 	C:\Windows\system32\DEVOBJ.dll
0x000007fefa490000 - 0x000007fefa4e6000 	C:\Windows\system32\uxtheme.dll
0x000007fefc710000 - 0x000007fefc71f000 	C:\Windows\system32\CRYPTBASE.dll
0x000007fef9620000 - 0x000007fef981f000 	C:\Windows\system32\d3d9.dll
0x000007fef9610000 - 0x000007fef9617000 	C:\Windows\system32\d3d8thk.dll
0x000007fee2fa0000 - 0x000007fee4405000 	C:\Windows\system32\nvd3dumx.dll
0x000007fefbac0000 - 0x000007fefbac3000 	C:\Windows\system32\api-ms-win-core-synch-l1-2-0.DLL
0x000007fefb1d0000 - 0x000007fefb1fc000 	C:\Windows\system32\powrprof.dll
0x000007fee2940000 - 0x000007fee2bee000 	C:\Windows\system32\nvspcap64.dll
0x000007fefba90000 - 0x000007fefbabd000 	C:\Windows\system32\ntmarta.dll
0x000007fefedd0000 - 0x000007fefee22000 	C:\Windows\system32\WLDAP32.dll
0x000007fefc910000 - 0x000007fefca7d000 	C:\Windows\system32\crypt32.dll
0x000007fefc880000 - 0x000007fefc88f000 	C:\Windows\system32\MSASN1.dll
0x000007fefc8c0000 - 0x000007fefc8fb000 	C:\Windows\system32\WINTRUST.DLL
0x000007fefe530000 - 0x000007fefe549000 	C:\Windows\system32\imagehlp.dll
0x000007fefc050000 - 0x000007fefc068000 	C:\Windows\system32\CRYPTSP.dll
0x000007fefbd50000 - 0x000007fefbd97000 	C:\Windows\system32\rsaenh.dll
0x000007fefc220000 - 0x000007fefc270000 	C:\Windows\system32\ncrypt.dll
0x000007fefc1f0000 - 0x000007fefc212000 	C:\Windows\system32\bcrypt.dll
0x000007fefc160000 - 0x000007fefc1ac000 	C:\Windows\system32\bcryptprimitives.dll
0x000007fefcb30000 - 0x000007fefcb4e000 	C:\Windows\system32\USERENV.dll
0x000007fefbb20000 - 0x000007fefbb3b000 	C:\Windows\system32\GPAPI.dll
0x000007fef04d0000 - 0x000007fef04f7000 	C:\Windows\system32\cryptnet.dll
0x000007fee4f60000 - 0x000007fee4f7a000 	C:\Program Files\Java\jre1.8.0_211\bin\net.dll
0x000007fefdf10000 - 0x000007fefe098000 	C:\Windows\system32\urlmon.dll
0x000007fefcc20000 - 0x000007fefcc24000 	C:\Windows\system32\api-ms-win-downlevel-ole32-l1-1-0.dll
0x000007fefcbc0000 - 0x000007fefcbc4000 	C:\Windows\system32\api-ms-win-downlevel-shlwapi-l1-1-0.dll
0x000007fefcb20000 - 0x000007fefcb25000 	C:\Windows\system32\api-ms-win-downlevel-advapi32-l1-1-0.dll
0x000007fefcc10000 - 0x000007fefcc14000 	C:\Windows\system32\api-ms-win-downlevel-user32-l1-1-0.dll
0x000007fefc890000 - 0x000007fefc894000 	C:\Windows\system32\api-ms-win-downlevel-version-l1-1-0.dll
0x000007fefc900000 - 0x000007fefc903000 	C:\Windows\system32\api-ms-win-downlevel-normaliz-l1-1-0.dll
0x0000000076ec0000 - 0x0000000076ec3000 	C:\Windows\system32\normaliz.DLL
0x000007fefe550000 - 0x000007fefe81a000 	C:\Windows\system32\iertutil.dll
0x000007fefe920000 - 0x000007fefedcc000 	C:\Windows\system32\WININET.dll
0x000007fefbff0000 - 0x000007fefc045000 	C:\Windows\system32\mswsock.dll
0x000007fefbfe0000 - 0x000007fefbfe7000 	C:\Windows\System32\wship6.dll
0x000007fef8d50000 - 0x000007fef8d77000 	C:\Windows\system32\IPHLPAPI.DLL
0x000007fef8d40000 - 0x000007fef8d4b000 	C:\Windows\system32\WINNSI.DLL
0x000007fef8070000 - 0x000007fef8081000 	C:\Windows\system32\dhcpcsvc6.DLL
0x000007fef8050000 - 0x000007fef8068000 	C:\Windows\system32\dhcpcsvc.DLL
0x000007fee4e30000 - 0x000007fee4e42000 	C:\Program Files\Java\jre1.8.0_211\bin\nio.dll
0x000007fed4ce0000 - 0x000007fed4d29000 	C:\Program Files\Java\jre1.8.0_211\bin\fontmanager.dll
0x000007fed4a80000 - 0x000007fed4ac2000 	C:\Program Files\Java\jre1.8.0_211\bin\t2k.dll
0x000007fefb030000 - 0x000007fefb040000 	C:\Users\Ivan\AppData\Local\Temp\MemMapProxyLib.dll0
0x000007fefb510000 - 0x000007fefb517000 	C:\Windows\System32\wshtcpip.dll
0x000007fefbe70000 - 0x000007fefbecb000 	C:\Windows\system32\DNSAPI.dll
0x000000006ce90000 - 0x000000006ceb6000 	C:\Program Files\Bonjour\mdnsNSP.dll
0x0000000063560000 - 0x0000000063569000 	C:\Program Files\National Instruments\Shared\mDNS Responder\nimdnsNSP.dll
0x0000000063550000 - 0x000000006355e000 	C:\Windows\system32\nimdnsResponder.dll
0x000000006ccc0000 - 0x000000006cd5d000 	C:\Windows\WinSxS\amd64_microsoft.vc90.crt_1fc8b3b9a1e18e3b_9.0.30729.5054_none_08e4d1f3a83cf865\MSVCR90.dll
0x000007feefee0000 - 0x000007feefee8000 	C:\Windows\system32\rasadhlp.dll
0x000007fef0630000 - 0x000007fef063d000 	C:\Program Files\Java\jre1.8.0_211\bin\management.dll
0x000007fefaaf0000 - 0x000007fefab05000 	C:\Windows\system32\NLAapi.dll
0x000007feeba70000 - 0x000007feeba85000 	C:\Windows\system32\napinsp.dll
0x000007feeba50000 - 0x000007feeba69000 	C:\Windows\system32\pnrpnsp.dll
0x000007feeba40000 - 0x000007feeba4b000 	C:\Windows\System32\winrnr.dll
0x000007fef8110000 - 0x000007fef8163000 	C:\Windows\System32\fwpuclnt.dll
0x000007fef8e20000 - 0x000007fef8ec0000 	C:\Windows\WinSxS\amd64_microsoft.windows.common-controls_6595b64144ccf1df_5.82.7601.18837_none_a4d981ff711297b6\comctl32.dll
0x000007fefe2c0000 - 0x000007fefe359000 	C:\Windows\system32\CLBCatQ.DLL
0x000007fefb050000 - 0x000007fefb17c000 	C:\Windows\system32\propsys.dll
0x000007fefc6b0000 - 0x000007fefc707000 	C:\Windows\system32\apphelp.dll
0x000007fef62e0000 - 0x000007fef647c000 	C:\Windows\system32\NetworkExplorer.dll
0x000007fef7400000 - 0x000007fef7434000 	C:\Windows\System32\shdocvw.dll
0x000007fefaa60000 - 0x000007fefaa6b000 	C:\Windows\system32\slc.dll
0x000007fef88c0000 - 0x000007fef88d8000 	C:\Windows\system32\MPR.dll
0x000007fef71f0000 - 0x000007fef71fa000 	C:\Windows\System32\drprov.dll
0x000007fefbbf0000 - 0x000007fefbc2d000 	C:\Windows\System32\WINSTA.dll
0x000007fee04d0000 - 0x000007fee04f2000 	C:\Windows\System32\ntlanman.dll
0x000007fee04b0000 - 0x000007fee04ce000 	C:\Windows\System32\davclnt.dll
0x000007fef9c70000 - 0x000007fef9c7a000 	C:\Windows\System32\DAVHLPR.dll
0x000007fefab50000 - 0x000007fefab65000 	C:\Windows\system32\wkscli.dll
0x000007feecc30000 - 0x000007feecc3f000 	C:\Windows\system32\cscapi.dll
0x000007fefab80000 - 0x000007fefab8c000 	C:\Windows\system32\netutils.dll
0x000007fed4250000 - 0x000007fed44c1000 	C:\Windows\system32\wpdshext.dll
0x000007fefa270000 - 0x000007fefa488000 	C:\Windows\WinSxS\amd64_microsoft.windows.gdiplus_6595b64144ccf1df_1.1.7601.24407_none_14556e048b95cddf\gdiplus.dll
0x000007fee1330000 - 0x000007fee13ed000 	C:\Windows\system32\PortableDeviceApi.dll
0x000007fee4780000 - 0x000007fee47b5000 	C:\Windows\system32\EhStorShell.dll
0x000007fee4e50000 - 0x000007fee4e77000 	C:\Windows\system32\EhStorAPI.dll
0x000007fef73f0000 - 0x000007fef73fc000 	C:\Windows\system32\LINKINFO.dll
0x000007fed4a40000 - 0x000007fed4a71000 	C:\Program Files\Java\jre1.8.0_211\bin\jpeg.dll
0x000007fef9f00000 - 0x000007fefa061000 	C:\Windows\system32\WindowsCodecs.dll
0x000007fef5890000 - 0x000007fef5d7b000 	C:\Program Files (x86)\Acronis\TrueImageHome\tishell64.dll
0x000007fef5760000 - 0x000007fef5885000 	C:\Windows\system32\dbghelp.dll
0x000007fef56b0000 - 0x000007fef56b8000 	C:\Windows\system32\IconCodecService.dll
0x000007fef8260000 - 0x000007fef8267000 	C:\Windows\system32\shfolder.DLL
0x000007fef7840000 - 0x000007fef78a0000 	C:\Program Files (x86)\Dropbox\Client\DropboxExt64.27.0.dll
0x000007fef7820000 - 0x000007fef783f000 	C:\Windows\system32\thumbcache.dll
0x000007fef77b0000 - 0x000007fef781b000 	C:\Windows\system32\PhotoMetadataHandler.dll
0x0000000180000000 - 0x0000000180073000 	C:\Program Files (x86)\DisplayFusion\Hooks\AppHook64_C4866AC8-0EF1-4557-8C14-090A31FF5835.dll

VM Arguments:
java_command: com.st.microxplorer.maingui.STM32CubeMX C:\Users\Ivan\Dropbox\Actual\STM32F407_IPS\STM32F407_SDIO.ioc
java_class_path (initial): C:\Program Files\STMicroelectronics\STM32Cube\STM32CubeMX\STM32CubeMX.exe;anything
Launcher Type: SUN_STANDARD

Environment Variables:
JAVA_HOME=C:\Program Files (x86)\Java\jdk1.8.0_181
PATH=C:\Program Files\STMicroelectronics\STM32Cube\STM32CubeMX\;C:\Windows;C:\Windows;C:\Windows;C:\Windows;C:\Windows;C:\Windows;C:\Program Files\Espressif\ESP-IDF Tools\mconf-idf;C:\Program Files\Espressif\ESP-IDF Tools\tools\bin;C:\Program Files (x86)\Common Files\Oracle\Java\javapath;C:\Windows\system32;C:\Windows;C:\Windows\System32\Wbem;C:\Windows\System32\WindowsPowerShell\v1.0\;C:\Program Files (x86)\NVIDIA Corporation\PhysX\Common;C:\Program Files (x86)\Common Files\Acronis\SnapAPI\;C:\Program Files (x86)\Windows Kits\8.1\Windows Performance Toolkit\;C:\Program Files (x86)\Common Files\Acronis\VirtualFile\;C:\Program Files (x86)\Common Files\Acronis\VirtualFile64\;C:\Program Files (x86)\Common Files\Acronis\FileProtector\;C:\Program Files (x86)\Common Files\Acronis\FileProtector64\;C:\ffmpeg\bin;C:\Program Files\NVIDIA Corporation\NVIDIA NvDLISR;C:\Program Files\CMake\bin;C:\Program Files (x86)\STMicroelectronics\STM32 ST-LINK Utility\ST-LINK Utility;C:\Program Files\WinMerge;C:\Program Files\Git\cmd;C:\Program Files\dotnet\;C:\Program Files\MATLAB\MATLAB Runtime\v93\runtime\win64;C:\Program Files\PuTTY\;C:\Users\Ivan\AppData\Local\Programs\Python\Python37\Scripts\;C:\Users\Ivan\AppData\Local\Programs\Python\Python37\;C:\Users\Ivan\AppData\Local\Programs\Microsoft VS Code\bin;C:\ffmpeg\bin;C:\Program Files\Java\jre1.8.0_211\bin
USERNAME=Ivan
OS=Windows_NT
PROCESSOR_IDENTIFIER=AMD64 Family 23 Model 1 Stepping 1, AuthenticAMD



---------------  S Y S T E M  ---------------

OS: Windows 7 , 64 bit Build 7601 (6.1.7601.24408)

CPU:total 16 (initial active 16) (16 cores per cpu, 1 threads per core) family 23 model 1 stepping 1, cmov, cx8, fxsr, mmx, sse, sse2, sse3, ssse3, sse4.1, sse4.2, popcnt, avx, avx2, aes, clmul, mmxext, 3dnowpref, lzcnt, sse4a, tsc, tscinvbit, tscinv, bmi1

Memory: 4k page, physical 16722444k(2580804k free), swap 16720544k(5384k free)

vm_info: Java HotSpot(TM) 64-Bit Server VM (25.211-b12) for windows-amd64 JRE (1.8.0_211-b12), built on Apr  1 2019 20:53:26 by "java_re" with MS VC++ 10.0 (VS2010)

time: Wed Jul 03 14:49:34 2019
timezone: Романское время (зима)
elapsed time: 16090 seconds (0d 4h 28m 10s)

